// Jest Snapshot v1, https://goo.gl/fbAQLP

exports[`Icon Button Snapshots renders as expected 1`] = `
.emotion-0 {
  box-sizing: border-box;
  display: -webkit-inline-box;
  display: -webkit-inline-flex;
  display: -ms-inline-flexbox;
  display: inline-flex;
  -webkit-align-items: center;
  -webkit-box-align: center;
  -ms-flex-align: center;
  align-items: center;
  -webkit-box-pack: center;
  -webkit-justify-content: center;
  -ms-flex-pack: center;
  justify-content: center;
  font-size: 13px;
  border-radius: 50%;
  border: 1px solid transparent;
  box-shadow: none;
  position: relative;
  cursor: pointer;
  outline: none;
  -webkit-transition: all 120ms linear;
  transition: all 120ms linear;
  border-width: 0px;
  width: 40px;
  height: 40px;
  border-radius: 3px;
  border-width: 1px;
  width: 32px;
  height: 32px;
  background-color: #f0f1f2;
  border-color: #ced3d9;
  color: #333333;
}

.emotion-0:hover:active {
  -webkit-transition-duration: 40ms;
  transition-duration: 40ms;
}

.emotion-0:disabled,
.emotion-0:disabled:active {
  cursor: default;
  box-shadow: none;
}

.emotion-0 .wd-icon {
  display: inline-block;
  vertical-align: middle;
}

.emotion-0 span .wd-icon-fill,
.emotion-0 span .wd-icon-accent {
  -webkit-transition: fill 120ms ease-in;
  transition: fill 120ms ease-in;
  fill: #7b858f;
}

.emotion-0:focus {
  background-color: #f0f1f2;
  border-color: #005cb9;
}

.emotion-0:focus span .wd-icon-fill,
.emotion-0:focus span .wd-icon-accent {
  fill: #7b858f;
}

.emotion-0:hover:focus {
  background-color: #dfe2e6;
}

.emotion-0:active,
.emotion-0:focus:active,
.emotion-0:hover:active {
  background-color: #ced3d9;
}

.emotion-0:active span .wd-icon-fill,
.emotion-0:focus:active span .wd-icon-fill,
.emotion-0:hover:active span .wd-icon-fill,
.emotion-0:active span .wd-icon-accent,
.emotion-0:focus:active span .wd-icon-accent,
.emotion-0:hover:active span .wd-icon-accent {
  fill: #333d47;
}

.emotion-0:hover {
  background-color: #dfe2e6;
}

.emotion-0:hover span .wd-icon-fill,
.emotion-0:hover span .wd-icon-accent {
  fill: #333d47;
}

.emotion-0:disabled,
.emotion-0:active:disabled,
.emotion-0:focus:disabled,
.emotion-0:hover:disabled {
  background-color: #ffffff;
}

.emotion-0:disabled span .wd-icon-fill,
.emotion-0:active:disabled span .wd-icon-fill,
.emotion-0:focus:disabled span .wd-icon-fill,
.emotion-0:hover:disabled span .wd-icon-fill,
.emotion-0:disabled span .wd-icon-accent,
.emotion-0:active:disabled span .wd-icon-accent,
.emotion-0:focus:disabled span .wd-icon-accent,
.emotion-0:hover:disabled span .wd-icon-accent {
  fill: #f0f1f2;
}

.emotion-0:not([disabled]):focus,
.emotion-0:not([disabled]):active {
  border-color: #005cb9;
  -webkit-animation: animation-1lvxwzr 100ms;
  animation: animation-1lvxwzr 100ms;
  box-shadow: 0 0 0 0px #ffffff,0 0 0 1px #005cb9;
}

<button
  className="emotion-0"
>
  <svg>
    Hello
  </svg>
</button>
`;
